<?php return array (
  0 => 'Symfony\\Component\\Routing\\Generator\\UrlGenerator',
  1 => 'Symfony\\Component\\Routing\\RequestContext',
  2 => 'Symfony\\Component\\Routing\\Router',
  3 => 'Symfony\\Bundle\\FrameworkBundle\\Routing\\RedirectableUrlMatcher',
  4 => 'Symfony\\Bundle\\FrameworkBundle\\Routing\\Router',
  5 => 'Symfony\\Bundle\\FrameworkBundle\\Templating\\GlobalVariables',
  6 => 'Symfony\\Bundle\\FrameworkBundle\\Templating\\TemplateReference',
  7 => 'Symfony\\Bundle\\FrameworkBundle\\Templating\\TemplateNameParser',
  8 => 'Symfony\\Bundle\\FrameworkBundle\\Templating\\Loader\\TemplateLocator',
  9 => 'Symfony\\Component\\Templating\\Storage\\FileStorage',
  10 => 'Symfony\\Bundle\\FrameworkBundle\\Templating\\PhpEngine',
  11 => 'Symfony\\Bundle\\FrameworkBundle\\Templating\\Loader\\FilesystemLoader',
  12 => 'Symfony\\Component\\HttpFoundation\\ParameterBag',
  13 => 'Symfony\\Component\\HttpFoundation\\HeaderBag',
  14 => 'Symfony\\Component\\HttpFoundation\\FileBag',
  15 => 'Symfony\\Component\\HttpFoundation\\ServerBag',
  16 => 'Symfony\\Component\\HttpFoundation\\Request',
  17 => 'Symfony\\Component\\HttpFoundation\\Response',
  18 => 'Symfony\\Component\\HttpFoundation\\ResponseHeaderBag',
  19 => 'Symfony\\Component\\Config\\FileLocator',
  20 => 'Symfony\\Component\\EventDispatcher\\Event',
  21 => 'Symfony\\Component\\EventDispatcher\\ContainerAwareEventDispatcher',
  22 => 'Symfony\\Component\\HttpKernel\\EventListener\\ResponseListener',
  23 => 'Symfony\\Component\\HttpKernel\\EventListener\\RouterListener',
  24 => 'Symfony\\Component\\HttpKernel\\Controller\\ControllerResolver',
  25 => 'Symfony\\Component\\HttpKernel\\Event\\KernelEvent',
  26 => 'Symfony\\Component\\HttpKernel\\Event\\FilterControllerEvent',
  27 => 'Symfony\\Component\\HttpKernel\\Event\\FilterResponseEvent',
  28 => 'Symfony\\Component\\HttpKernel\\Event\\GetResponseEvent',
  29 => 'Symfony\\Component\\HttpKernel\\Event\\GetResponseForControllerResultEvent',
  30 => 'Symfony\\Component\\HttpKernel\\Event\\GetResponseForExceptionEvent',
  31 => 'Symfony\\Component\\HttpKernel\\KernelEvents',
  32 => 'Symfony\\Component\\HttpKernel\\Config\\FileLocator',
  33 => 'Symfony\\Bundle\\FrameworkBundle\\Controller\\ControllerNameParser',
  34 => 'Symfony\\Bundle\\FrameworkBundle\\Controller\\ControllerResolver',
);